// Jest Snapshot v1, https://goo.gl/fbAQLP

exports[`App component renders App 1`] = `
<DocumentFragment>
  <form>
    <label
      for="url"
    >
      ENTER URL
    </label>
    <input
      class="url"
      id="url"
      name="url"
      type="url"
      value=""
    />
    <br />
    <label
      for="method"
    >
      GET
    </label>
    <input
      id="method"
      name="method"
      type="radio"
      value="GET"
    />
    <br />
    <label
      for="method"
    >
      POST
    </label>
    <input
      id="method"
      name="method"
      type="radio"
      value="POST"
    />
    <br />
    <label
      for="method"
    >
      DELETE
    </label>
    <input
      id="method"
      name="method"
      type="radio"
      value="DELETE"
    />
    <br />
    <label
      for="method"
    >
      PUT
    </label>
    <input
      id="method"
      name="method"
      type="radio"
      value="PUT"
    />
    <br />
    <label
      for="text"
    >
      enter json
    </label>
    <textarea
      class="text"
      id="text"
      name="text"
      type="textarea"
    />
    <br />
    <button
      type="submit"
    >
      SUBMIT
    </button>
  </form>
</DocumentFragment>
`;
