// Jest Snapshot v1, https://goo.gl/fbAQLP

exports[`HistoryItem component displays a history item 1`] = `
<DocumentFragment>
  <section
    class="HistoryItem"
  >
    <p>
      Method: GET
    </p>
    <p>
        Url: www.awebwsite.com
    </p>
  </section>
</DocumentFragment>
`;
