// Jest Snapshot v1, https://goo.gl/fbAQLP

exports[`HistoryItem component displays a history item 1`] = `
<DocumentFragment>
  <section
    class="HistoryItem"
  >
    <p>
      Method: GET
    </p>
    <p>
        Url: www.website.com
    </p>
  </section>
  <section
    class="HistoryItem"
  >
    <p>
      Method: PUT
    </p>
    <p>
        Url: www.another.com
    </p>
  </section>
  <section
    class="HistoryItem"
  >
    <p>
      Method: DELETE
    </p>
    <p>
        Url: www.there.com
    </p>
  </section>
</DocumentFragment>
`;
